[2025-12-25 13:25:45] [INFO] [game] Logging system initialized. | {"time": "13:25:45.634", "message": "Logging system initialized.", "context": {"level": "1", "scene": "intro", "state": "story"}, "data": {}}
[2025-12-25 13:25:45] [DEBUG] [game] Subscribed: 'combat_initiated' by CombatSystem | {"time": "13:25:45.635", "message": "Subscribed: 'combat_initiated' by CombatSystem", "context": {"level": "1", "scene": "intro", "state": "story"}, "data": {}}
[2025-12-25 13:25:45] [DEBUG] [game] Subscribed: 'dungeon_updated' by RenderSystem | {"time": "13:25:45.635", "message": "Subscribed: 'dungeon_updated' by RenderSystem", "context": {"level": "1", "scene": "intro", "state": "story"}, "data": {}}
[2025-12-25 13:25:45] [DEBUG] [game] Subscribed: 'add_text' by RenderSystem | {"time": "13:25:45.637", "message": "Subscribed: 'add_text' by RenderSystem", "context": {"level": "1", "scene": "intro", "state": "story"}, "data": {}}
[2025-12-25 13:25:45] [DEBUG] [game] Subscribed: 'story_load_scene' by StoryManager | {"time": "13:25:45.637", "message": "Subscribed: 'story_load_scene' by StoryManager", "context": {"level": "1", "scene": "intro", "state": "story"}, "data": {}}
[2025-12-25 13:25:45] [DEBUG] [game] Subscribed: 'story_choice_made' by StoryManager | {"time": "13:25:45.637", "message": "Subscribed: 'story_choice_made' by StoryManager", "context": {"level": "1", "scene": "intro", "state": "story"}, "data": {}}
[2025-12-25 13:25:45] [DEBUG] [game] Subscribed: 'dungeon_enter' by GameManager | {"time": "13:25:45.637", "message": "Subscribed: 'dungeon_enter' by GameManager", "context": {"level": "1", "scene": "intro", "state": "story"}, "data": {}}
[2025-12-25 13:25:45] [DEBUG] [game] Subscribed: 'dungeon_exit' by GameManager | {"time": "13:25:45.637", "message": "Subscribed: 'dungeon_exit' by GameManager", "context": {"level": "1", "scene": "intro", "state": "story"}, "data": {}}
[2025-12-25 13:25:45] [DEBUG] [game] Subscribed: 'story_choice' by GameManager | {"time": "13:25:45.638", "message": "Subscribed: 'story_choice' by GameManager", "context": {"level": "1", "scene": "intro", "state": "story"}, "data": {}}
[2025-12-25 13:25:45] [DEBUG] [game] Emitted: 'story_load_scene' data={'load_scene': {'level': 1, 'scene': 'intro'}} | {"time": "13:25:45.638", "message": "Emitted: 'story_load_scene' data={'load_scene': {'level': 1, 'scene': 'intro'}}", "context": {"level": "1", "scene": "intro", "state": "story"}, "data": {}}
[2025-12-25 13:25:45] [DEBUG] [game] Dispatch: StoryManager -> handled 'story_load_scene' | {"time": "13:25:45.638", "message": "Dispatch: StoryManager -> handled 'story_load_scene'", "context": {"level": "1", "scene": "intro", "state": "story"}, "data": {}}
[2025-12-25 13:25:45] [DEBUG] [game] Emitted: 'add_text' data={'display_text': 'You awaken'} | {"time": "13:25:45.638", "message": "Emitted: 'add_text' data={'display_text': 'You awaken'}", "context": {"level": "1", "scene": "intro", "state": "story"}, "data": {}}
[2025-12-25 13:25:45] [DEBUG] [game] Dispatch: RenderSystem -> handled 'add_text' | {"time": "13:25:45.639", "message": "Dispatch: RenderSystem -> handled 'add_text'", "context": {"level": "1", "scene": "intro", "state": "story"}, "data": {}}
[2025-12-25 13:25:45] [DEBUG] [game] Emitted: 'add_text' data={'display_text': '1: Continue Story'} | {"time": "13:25:45.639", "message": "Emitted: 'add_text' data={'display_text': '1: Continue Story'}", "context": {"level": "1", "scene": "intro", "state": "story"}, "data": {}}
[2025-12-25 13:25:45] [DEBUG] [game] Dispatch: RenderSystem -> handled 'add_text' | {"time": "13:25:45.639", "message": "Dispatch: RenderSystem -> handled 'add_text'", "context": {"level": "1", "scene": "intro", "state": "story"}, "data": {}}
[2025-12-25 13:25:45] [DEBUG] [game] Emitted: 'add_text' data={'display_text': '2: Go to Dungeon'} | {"time": "13:25:45.639", "message": "Emitted: 'add_text' data={'display_text': '2: Go to Dungeon'}", "context": {"level": "1", "scene": "intro", "state": "story"}, "data": {}}
[2025-12-25 13:25:45] [DEBUG] [game] Dispatch: RenderSystem -> handled 'add_text' | {"time": "13:25:45.639", "message": "Dispatch: RenderSystem -> handled 'add_text'", "context": {"level": "1", "scene": "intro", "state": "story"}, "data": {}}
[2025-12-25 13:25:46] [DEBUG] [game] Emitted: 'story_choice_made' data={'input': '1'} | {"time": "13:25:46.117", "message": "Emitted: 'story_choice_made' data={'input': '1'}", "context": {"level": "1", "scene": "intro", "state": "story"}, "data": {}}
[2025-12-25 13:25:46] [DEBUG] [game] Dispatch: StoryManager -> handled 'story_choice_made' | {"time": "13:25:46.118", "message": "Dispatch: StoryManager -> handled 'story_choice_made'", "context": {"level": "1", "scene": "intro", "state": "story"}, "data": {}}
[2025-12-25 13:25:46] [INFO] [game] User selected choice 1 which maps to choice 0: {'text': 'Continue Story', 'action': {'next_level': '1', 'next_scene': 'test_scene', 'set_flags': {'scene_progress': True}}} | {"time": "13:25:46.118", "message": "User selected choice 1 which maps to choice 0: {'text': 'Continue Story', 'action': {'next_level': '1', 'next_scene': 'test_scene', 'set_flags': {'scene_progress': True}}}", "context": {"level": "1", "scene": "intro", "state": "story"}, "data": {}}
[2025-12-25 13:25:46] [DEBUG] [game] Emitted: 'story_load_scene' data={'load_scene': {'level': '1', 'scene': 'test_scene'}} | {"time": "13:25:46.118", "message": "Emitted: 'story_load_scene' data={'load_scene': {'level': '1', 'scene': 'test_scene'}}", "context": {"level": "1", "scene": "intro", "state": "story"}, "data": {}}
[2025-12-25 13:25:46] [DEBUG] [game] Dispatch: StoryManager -> handled 'story_load_scene' | {"time": "13:25:46.118", "message": "Dispatch: StoryManager -> handled 'story_load_scene'", "context": {"level": "1", "scene": "intro", "state": "story"}, "data": {}}
[2025-12-25 13:25:46] [DEBUG] [game] Emitted: 'add_text' data={'display_text': 'Test text'} | {"time": "13:25:46.119", "message": "Emitted: 'add_text' data={'display_text': 'Test text'}", "context": {"level": "1", "scene": "intro", "state": "story"}, "data": {}}
[2025-12-25 13:25:46] [DEBUG] [game] Dispatch: RenderSystem -> handled 'add_text' | {"time": "13:25:46.119", "message": "Dispatch: RenderSystem -> handled 'add_text'", "context": {"level": "1", "scene": "intro", "state": "story"}, "data": {}}
[2025-12-25 13:25:46] [DEBUG] [game] Emitted: 'add_text' data={'display_text': '1: Continue'} | {"time": "13:25:46.119", "message": "Emitted: 'add_text' data={'display_text': '1: Continue'}", "context": {"level": "1", "scene": "intro", "state": "story"}, "data": {}}
[2025-12-25 13:25:46] [DEBUG] [game] Dispatch: RenderSystem -> handled 'add_text' | {"time": "13:25:46.119", "message": "Dispatch: RenderSystem -> handled 'add_text'", "context": {"level": "1", "scene": "intro", "state": "story"}, "data": {}}
[2025-12-25 13:25:46] [DEBUG] [game] Emitted: 'story_choice_made' data={'input': '1'} | {"time": "13:25:46.498", "message": "Emitted: 'story_choice_made' data={'input': '1'}", "context": {"level": "1", "scene": "intro", "state": "story"}, "data": {}}
[2025-12-25 13:25:46] [DEBUG] [game] Dispatch: StoryManager -> handled 'story_choice_made' | {"time": "13:25:46.498", "message": "Dispatch: StoryManager -> handled 'story_choice_made'", "context": {"level": "1", "scene": "intro", "state": "story"}, "data": {}}
[2025-12-25 13:25:46] [INFO] [game] User selected choice 1 which maps to choice 0: {'text': 'Continue', 'next_level': '2', 'next_scene': 'end'} | {"time": "13:25:46.498", "message": "User selected choice 1 which maps to choice 0: {'text': 'Continue', 'next_level': '2', 'next_scene': 'end'}", "context": {"level": "1", "scene": "intro", "state": "story"}, "data": {}}
